(has(<EOF><missing '.'><EOF> (has(<EOF><missing '.'> (has(<EOF> (has has) ( ( ) ) ) <EOF>)