(test(X,Y):-X,Y.<EOF> (test(X,Y):-X,Y. (test(X,Y):-X,Y (test(X,Y) (test test) ( (X,Y (X,Y (X X) (, ,) (Y Y))) )) (:- :-) (X,Y (X X) (, ,) (Y Y))) .) <EOF>)