(is_acending([3,3,3]<missing ')'>.<EOF> (is_acending([3,3,3]<missing ')'>. (is_acending([3,3,3]<missing ')'> (is_acending is_acending) ( ([3,3,3] ([3,3,3] [ (3,3,3 (3,3,3 (3 (3 3)) (, ,) (3,3 (3 (3 3)) (, ,) (3 (3 3))))) ])) ) .) <EOF>)