(Func(X,Y,Z)*(X),(1,(),((),())),().<EOF> (Func(X,Y,Z)*(X),(1,(),((),())),(). Func ((X,Y,Z) ( X , Y , Z )) * ((X) ((X) ( (X X) ))) , ((1,(),((),())) ((1,(),((),())) ( (1 (1 (1 1))) , (() (() ( ))) , (((),()) (((),()) ( (() (() ( ))) , (() (() ( ))) ))) ))) , (() (() ( ))) .) <EOF>)