(has(X,Y).let(W,Z).<EOF> (has(X,Y). (has(X,Y) (has has) ( (X,Y (X,Y (X X) (, ,) (Y Y))) )) .) (let(W,Z). (let(W,Z) (let let) ( (W,Z (W,Z (W W) (, ,) (Z Z))) )) .) <EOF>)