(has(jack,apples).has(ann,plums).has(dan,money).fruit(apples).fruit(plums).<EOF> (has(jack,apples). (has(jack,apples) (has has) ( (jack,apples (jack,apples (jack (jack jack)) (, ,) (apples (apples apples)))) )) .) (has(ann,plums). (has(ann,plums) (has has) ( (ann,plums (ann,plums (ann (ann ann)) (, ,) (plums (plums plums)))) )) .) (has(dan,money). (has(dan,money) (has has) ( (dan,money (dan,money (dan (dan dan)) (, ,) (money (money money)))) )) .) (fruit(apples). (fruit(apples) (fruit fruit) ( (apples (apples (apples apples))) )) .) (fruit(plums). (fruit(plums) (fruit fruit) ( (plums (plums (plums plums))) )) .) <EOF>)